../Core/Src/MLX90640_API.c:41:5:MLX90640_DumpEE	16	static
../Core/Src/MLX90640_API.c:46:5:MLX90640_SynchFrame	32	static
../Core/Src/MLX90640_API.c:72:5:MLX90640_TriggerMeasurement	24	static
../Core/Src/MLX90640_API.c:114:5:MLX90640_GetFrameData	160	static
../Core/Src/MLX90640_API.c:180:12:ValidateFrameData	24	static
../Core/Src/MLX90640_API.c:193:12:ValidateAuxData	40	static
../Core/Src/MLX90640_API.c:232:5:MLX90640_ExtractParameters	24	static
../Core/Src/MLX90640_API.c:257:5:MLX90640_SetResolution	24	static
../Core/Src/MLX90640_API.c:280:5:MLX90640_GetCurResolution	32	static
../Core/Src/MLX90640_API.c:298:5:MLX90640_SetRefreshRate	24	static
../Core/Src/MLX90640_API.c:320:5:MLX90640_GetRefreshRate	32	static
../Core/Src/MLX90640_API.c:338:5:MLX90640_SetInterleavedMode	24	static
../Core/Src/MLX90640_API.c:357:5:MLX90640_SetChessMode	24	static
../Core/Src/MLX90640_API.c:376:5:MLX90640_GetCurMode	32	static
../Core/Src/MLX90640_API.c:394:6:MLX90640_CalculateTo	160	static
../Core/Src/MLX90640_API.c:527:6:MLX90640_GetImage	112	static
../Core/Src/MLX90640_API.c:616:7:MLX90640_GetVdd	40	static
../Core/Src/MLX90640_API.c:632:7:MLX90640_GetTa	48	static
../Core/Src/MLX90640_API.c:653:5:MLX90640_GetSubPageNumber	16	static
../Core/Src/MLX90640_API.c:660:6:MLX90640_BadPixelsCorrection	56	static
../Core/Src/MLX90640_API.c:763:13:ExtractVDDParameters	24	static
../Core/Src/MLX90640_API.c:779:13:ExtractPTATParameters	32	static
../Core/Src/MLX90640_API.c:812:13:ExtractGainParameters	16	static
../Core/Src/MLX90640_API.c:819:13:ExtractTgcParameters	16	static
../Core/Src/MLX90640_API.c:826:13:ExtractResolutionParameters	24	static
../Core/Src/MLX90640_API.c:836:13:ExtractKsTaParameters	16	static
../Core/Src/MLX90640_API.c:843:13:ExtractKsToParameters	24	static
../Core/Src/MLX90640_API.c:871:13:ExtractAlphaParameters	3376	static
../Core/Src/MLX90640_API.c:972:13:ExtractOffsetParameters	280	static
../Core/Src/MLX90640_API.c:1040:13:ExtractKtaPixelParameters	3136	static
../Core/Src/MLX90640_API.c:1112:13:ExtractKvPixelParameters	3136	static
../Core/Src/MLX90640_API.c:1202:13:ExtractCPParameters	56	static
../Core/Src/MLX90640_API.c:1259:13:ExtractCILCParameters	32	static
../Core/Src/MLX90640_API.c:1296:12:ExtractDeviatingPixels	32	static
../Core/Src/MLX90640_API.c:1387:13:CheckAdjacentPixels	32	static
../Core/Src/MLX90640_API.c:1412:14:GetMedian	32	static
../Core/Src/MLX90640_API.c:1443:12:IsPixelBad	24	static
