../Core/Src/main.c:46:13:UART_Print	1
../Core/Src/main.c:52:6:HAL_GPIO_EXTI_Callback	1
../Core/Src/main.c:58:13:my_touchpad_read	2
../Core/Src/main.c:77:6:Fade_Led	3
../Core/Src/main.c:96:5:main	2
../Core/Src/main.c:161:6:SystemClock_Config	3
../Core/Src/main.c:207:13:MX_CAN2_Init	2
../Core/Src/main.c:244:13:MX_I2C1_Init	2
../Core/Src/main.c:278:13:MX_SPI1_Init	2
../Core/Src/main.c:316:13:MX_TIM1_Init	7
../Core/Src/main.c:391:13:MX_USART1_UART_Init	2
../Core/Src/main.c:422:13:MX_DMA_Init	1
../Core/Src/main.c:440:13:MX_GPIO_Init	1
../Core/Src/main.c:512:6:Error_Handler	1
