../Core/Src/main.c:46:13:UART_Print	16	static
../Core/Src/main.c:52:6:HAL_GPIO_EXTI_Callback	16	static
../Core/Src/main.c:58:13:my_touchpad_read	80	static
../Core/Src/main.c:77:6:Fade_Led	16	static
../Core/Src/main.c:96:5:main	24	static
../Core/Src/main.c:143:6:SystemClock_Config	88	static
../Core/Src/main.c:189:13:MX_CAN2_Init	8	static
../Core/Src/main.c:226:13:MX_I2C1_Init	8	static
../Core/Src/main.c:260:13:MX_SPI1_Init	8	static
../Core/Src/main.c:298:13:MX_TIM1_Init	96	static
../Core/Src/main.c:373:13:MX_USART1_UART_Init	8	static
../Core/Src/main.c:404:13:MX_DMA_Init	16	static
../Core/Src/main.c:422:13:MX_GPIO_Init	48	static
../Core/Src/main.c:494:6:Error_Handler	4	static,ignoring_inline_asm
